// Jest Snapshot v1, https://goo.gl/fbAQLP

exports[`Home renders homepage unchanged 1`] = `
<div>
  <div
    class="flex flex-col bg-red-500 px-8 text-3xl font-bold underline"
  >
    hello
  </div>
</div>
`;
